.\gradlew.bat : 
At line:1 char:1
+ .\gradlew.bat clean 
> build_output.txt 2>&1
+ ~~~~~~~~~~~~~~~~~~~~~
~~~~~~~~~~~~~~~~~~~~~~
    + CategoryInfo     
         : NotSpecifi  
  ed: (:String) [],    
 RemoteException
    + FullyQualifiedEr 
   rorId : NativeComm  
  andError
 
FAILURE: Build failed 
with an exception.

* Where:
Build file 'C:\Open-sou
rce\catrobat\Catroid\ca
troid\build.gradle' 
line: 66

* What went wrong:
A problem occurred 
evaluating project 
':catroid'.
> Failed to apply 
plugin 'com.android.int
ernal.version-check'.
   > Minimum supported 
Gradle version is 
8.13. Current version 
is 8.9.
     Try updating the 
'distributionUrl' 
property in C:\Open-sou
rce\catrobat\Catroid\gr
adle\wrapper\gradle-wra
pper.properties to 
'gradle-8.13-bin.zip'.

* Try:
> Run with 
--stacktrace option to 
get the stack trace.
> Run with --info or 
--debug option to get 
more log output.
> Run with --scan to 
get full insights.
> Get more help at http
s://help.gradle.org.

BUILD FAILED in 839ms
